// Jest Snapshot v1, https://goo.gl/fbAQLP

exports[`Pruebas en el componente <GifExpertApp /> Hacer un snapshot al componente 1`] = `<div />`;
